The testing log for yoloface500k neumeta v2
original
hypernet-100%: val_mp: 0.6397081449921855, val_mr: 0.5388681592039801, val_map50: 0.5777747443561424, val_map: 0.21110006002305223
hypernet-75% : val_mp: 0.6343026241929812, val_mr: 0.5167600015914671, val_map50: 0.5488351608877976, val_map: 0.20433094711900898
hypernet-50% : val_mp: 0.625869655652815, val_mr: 0.5067937577337253, val_map50: 0.5364084565620104, val_map: 0.19901858310275405
hypernet-25% : val_mp: 0.635242688990707, val_mr: 0.5166577825159915, val_map50: 0.551159989865516, val_map: 0.20475163481199488
hypernet-10% : val_mp: 0.6337964790923991, val_mr: 0.5158582089552238, val_map50: 0.5488486346845329, val_map: 0.20363128201426597

